✓ Initialized. View run at 
https://modal.com/apps/thepapajams/main/ap-JVjQMLjnSBsE7IADWmq6Zx
Building image im-66fX5u15RJdY5hqjqANQkM

=> Step 0: FROM base

=> Step 1: RUN python -m pip install numpy
Looking in indexes: http://pypi-mirror.modal.local:5555/simple
Collecting numpy
  Downloading http://pypi-mirror.modal.local:5555/simple/numpy/numpy-2.5.3-cp314-cp314-manylinux_2_27_x86_64.manylinux_2_28_x86_64.whl.metadata (6.6 kB)
Downloading http://pypi-mirror.modal.local:5555/simple/numpy/numpy-2.5.3-cp314-cp314-manylinux_2_27_x86_64.manylinux_2_28_x86_64.whl (16.7 MB)
   ━━━━━━━━━━━━━━━━━━━━━━━━━━━━━━━━━━━━━━━━ 16.7/16.7 MB 257.1 MB/s  0:00:00
Installing collected packages: numpy
Successfully installed numpy-2.5.3

[notice] A new release of pip is available: 25.3 -> 26.2.1
[notice] To update, run: pip install --upgrade pip
Saving image...
Image saved, took 1.49s

Built image im-66fX5u15RJdY5hqjqANQkM in 5.59s


✓ Created objects.
├── 🔨 Created mount /Users/udingethe/Dev/kytos/tools/run_k019_crosslineage.py
└── 🔨 Created function fit_all.
{
  "jurkat": {
    "pair": "jurkat",
    "eval": {
      "n_train": 1868,
      "n_test": 466,
      "n_genes": 6000,
      "models": {
        "identity": {
          "params": {},
          "cos_all": 0.24478279054164886,
          "cos_indist": 0.6192396283149719,
          "cos_ood_proxy": -0.09017415344715118,
          "norm_ratio": 0.7288928627967834
        },
        "global_scalar": {
          "params": {
            "s": 0.5314093232154846
          },
          "cos_all": 0.24478280544281006,
          "cos_indist": 0.6192396283149719,
          "cos_ood_proxy": -0.09017416834831238,
          "norm_ratio": 0.3873404860496521
        },
        "ridge_dual": {
          "params": {
            "lam": 100
          },
          "cos_all": 0.4282063067199894,
          "cos_indist": 0.8257161022196209,
          "cos_ood_proxy": 0.04437190538170872,
          "norm_ratio": 0.49699907882964744
        },
        "kernel_rbf": {
          "params": {
            "gamma": 2.2839470784760047e-06,
            "lam": 0.1
          },
          "cos_all": 0.3673283899071247,
          "cos_indist": 0.7012983442529876,
          "cos_ood_proxy": 0.13788675125059438,
          "norm_ratio": 0.537459218807012
        },
        "low_rank": {
          "params": {
            "rank": 256
          },
          "cos_all": 0.4360739482641615,
          "cos_indist": 0.8178419288615314,
          "cos_ood_proxy": 0.09859310926508139,
          "norm_ratio": 0.5664820873426544
        },
        "gene_scale": {
          "params": {
            "shrink": 1.0,
            "s": 0.5314093232154846
          },
          "cos_all": 0.2758882939815521,
          "cos_indist": 0.6564929485321045,
          "cos_ood_proxy": -0.09428326785564423,
          "norm_ratio": 0.4183684289455414
        }
      }
    }
  },
  "rpe1": {
    "pair": "rpe1",
    "eval": {
      "n_train": 1912,
      "n_test": 478,
      "n_genes": 6000,
      "models": {
        "identity": {
          "params": {},
          "cos_all": 0.16878949105739594,
          "cos_indist": 0.44287624955177307,
          "cos_ood_proxy": -0.07656686753034592,
          "norm_ratio": 0.5687234401702881
        },
        "global_scalar": {
          "params": {
            "s": 0.4139530658721924
          },
          "cos_all": 0.16878949105739594,
          "cos_indist": 0.44287624955177307,
          "cos_ood_proxy": -0.07656686753034592,
          "norm_ratio": 0.23542480170726776
        },
        "ridge_dual": {
          "params": {
            "lam": 100
          },
          "cos_all": 0.45235317872361486,
          "cos_indist": 0.6744909535080761,
          "cos_ood_proxy": 0.2539958914192654,
          "norm_ratio": 0.49411782194746795
        },
        "kernel_rbf": {
          "params": {
            "gamma": 2.374245436390231e-06,
            "lam": 0.1
          },
          "cos_all": 0.4045294404730567,
          "cos_indist": 0.5181123120841389,
          "cos_ood_proxy": 0.26757132464854755,
          "norm_ratio": 0.7210145285087524
        },
        "low_rank": {
          "params": {
            "rank": 256
          },
          "cos_all": 0.4571506420346842,
          "cos_indist": 0.6557206089469453,
          "cos_ood_proxy": 0.2958320465140514,
          "norm_ratio": 0.612487730782535
        },
        "gene_scale": {
          "params": {
            "shrink": 0.75,
            "s": 0.4139530658721924
          },
          "cos_all": 0.20141464471817017,
          "cos_indist": 0.46958523988723755,
          "cos_ood_proxy": -0.0486409030854702,
          "norm_ratio": 0.2700324058532715
        }
      }
    }
  }
}
Stopping app - local entrypoint completed.
✓ App completed. View run at 
https://modal.com/apps/thepapajams/main/ap-JVjQMLjnSBsE7IADWmq6Zx
