✓ Initialized. View run at 
https://modal.com/apps/thepapajams/main/ap-8OfrWv11yHbI03DOF7W8b2
Building image im-MjzzOlmoyc1yCDXQjhWrPn

=> Step 0: FROM base

=> Step 1: RUN python -m pip install anndata cell-eval h5py numpy pandas polars scanpy scipy
Looking in indexes: http://pypi-mirror.modal.local:5555/simple
Collecting anndata
  Downloading http://pypi-mirror.modal.local:5555/simple/anndata/anndata-0.13.4-py3-none-any.whl.metadata (7.2 kB)
Collecting cell-eval
  Downloading http://pypi-mirror.modal.local:5555/simple/cell-eval/cell_eval-0.8.2-py3-none-any.whl.metadata (6.4 kB)
Collecting h5py
  Downloading http://pypi-mirror.modal.local:5555/simple/h5py/h5py-3.16.0-cp314-cp314-manylinux_2_28_x86_64.whl.metadata (3.0 kB)
Collecting numpy
  Downloading http://pypi-mirror.modal.local:5555/simple/numpy/numpy-2.5.3-cp314-cp314-manylinux_2_27_x86_64.manylinux_2_28_x86_64.whl.metadata (6.6 kB)
Collecting pandas
  Downloading http://pypi-mirror.modal.local:5555/simple/pandas/pandas-3.0.6-cp314-cp314-manylinux_2_24_x86_64.manylinux_2_28_x86_64.whl.metadata (79 kB)
Collecting polars
  Downloading http://pypi-mirror.modal.local:5555/simple/polars/polars-1.44.2-py3-none-any.whl.metadata (11 kB)
Collecting scanpy
  Downloading http://pypi-mirror.modal.local:5555/simple/scanpy/scanpy-1.12.4-py3-none-any.whl.metadata (8.5 kB)
Collecting scipy
  Downloading http://pypi-mirror.modal.local:5555/simple/scipy/scipy-1.18.1-cp314-cp314-manylinux_2_27_x86_64.manylinux_2_28_x86_64.whl.metadata (62 kB)
Collecting array-api-compat>=1.7.1 (from anndata)
  Downloading http://pypi-mirror.modal.local:5555/simple/array-api-compat/array_api_compat-1.15.0-py3-none-any.whl.metadata (1.4 kB)
Collecting legacy-api-wrap (from anndata)
  Downloading http://pypi-mirror.modal.local:5555/simple/legacy-api-wrap/legacy_api_wrap-1.5-py3-none-any.whl.metadata (2.2 kB)
Collecting natsort (from anndata)
  Downloading http://pypi-mirror.modal.local:5555/simple/natsort/natsort-8.4.0-py3-none-any.whl.metadata (21 kB)
Collecting packaging>=24.2 (from anndata)
  Downloading http://pypi-mirror.modal.local:5555/simple/packaging/packaging-26.3-py3-none-any.whl.metadata (3.5 kB)
Collecting scverse-misc>=0.1.0 (from scverse-misc[settings]>=0.1.0->anndata)
  Downloading http://pypi-mirror.modal.local:5555/simple/scverse-misc/scverse_misc-0.1.6-py3-none-any.whl.metadata (4.9 kB)
Collecting typing-extensions>=4.16 (from anndata)
  Downloading http://pypi-mirror.modal.local:5555/simple/typing-extensions/typing_extensions-4.16.0-py3-none-any.whl.metadata (3.3 kB)
Collecting zarr>=3.1 (from anndata)
  Downloading http://pypi-mirror.modal.local:5555/simple/zarr/zarr-3.4.0-py3-none-any.whl.metadata (5.8 kB)
Collecting igraph>=0.11.8 (from cell-eval)
  Downloading http://pypi-mirror.modal.local:5555/simple/igraph/igraph-1.0.0-cp39-abi3-manylinux_2_28_x86_64.whl.metadata (4.4 kB)
Collecting pdex>=0.2.5 (from cell-eval)
  Downloading http://pypi-mirror.modal.local:5555/simple/pdex/pdex-0.3.0-py3-none-any.whl.metadata (6.0 kB)
Collecting pyarrow>=18.0.0 (from cell-eval)
  Downloading http://pypi-mirror.modal.local:5555/simple/pyarrow/pyarrow-25.0.1-cp314-cp314-manylinux_2_28_x86_64.whl.metadata (3.0 kB)
Collecting pyyaml>=6.0.2 (from cell-eval)
  Downloading http://pypi-mirror.modal.local:5555/simple/pyyaml/pyyaml-6.0.3-cp314-cp314-manylinux2014_x86_64.manylinux_2_17_x86_64.manylinux_2_28_x86_64.whl.metadata (2.4 kB)
Collecting tqdm>=4.67.1 (from cell-eval)
  Downloading http://pypi-mirror.modal.local:5555/simple/tqdm/tqdm-4.70.1-py3-none-any.whl.metadata (57 kB)
Collecting python-dateutil>=2.8.2 (from pandas)
  Downloading http://pypi-mirror.modal.local:5555/simple/python-dateutil/python_dateutil-2.9.0.post0-py2.py3-none-any.whl.metadata (8.4 kB)
Collecting polars-runtime-32==1.44.2 (from polars)
  Downloading http://pypi-mirror.modal.local:5555/simple/polars-runtime-32/polars_runtime_32-1.44.2-cp310-abi3-manylinux_2_17_x86_64.manylinux2014_x86_64.whl.metadata (1.5 kB)
Collecting certifi (from scanpy)
  Downloading http://pypi-mirror.modal.local:5555/simple/certifi/certifi-2026.7.22-py3-none-any.whl.metadata (2.5 kB)
Collecting fast-array-utils>=1.4 (from fast-array-utils[accel,sparse]>=1.4->scanpy)
  Downloading http://pypi-mirror.modal.local:5555/simple/fast-array-utils/fast_array_utils-1.5.1-py3-none-any.whl.metadata (2.8 kB)
Collecting joblib (from scanpy)
  Downloading http://pypi-mirror.modal.local:5555/simple/joblib/joblib-1.6.0-py3-none-any.whl.metadata (6.5 kB)
Collecting matplotlib>=3.10 (from scanpy)
  Downloading http://pypi-mirror.modal.local:5555/simple/matplotlib/matplotlib-3.11.2-cp314-cp314-manylinux_2_27_x86_64.manylinux_2_28_x86_64.whl.metadata (80 kB)
Collecting networkx>=2.8.8 (from scanpy)
  Downloading http://pypi-mirror.modal.local:5555/simple/networkx/networkx-3.6.1-py3-none-any.whl.metadata (6.8 kB)
Collecting numba>=0.60 (from scanpy)
  Downloading http://pypi-mirror.modal.local:5555/simple/numba/numba-0.67.0-cp314-cp314-manylinux2014_x86_64.manylinux_2_17_x86_64.whl.metadata (2.7 kB)
Collecting patsy (from scanpy)
  Downloading http://pypi-mirror.modal.local:5555/simple/patsy/patsy-1.0.3-py2.py3-none-any.whl.metadata (3.7 kB)
Collecting pynndescent>=0.5.13 (from scanpy)
  Downloading http://pypi-mirror.modal.local:5555/simple/pynndescent/pynndescent-0.6.0-py3-none-any.whl.metadata (6.9 kB)
Collecting scikit-learn>=1.6 (from scanpy)
  Downloading http://pypi-mirror.modal.local:5555/simple/scikit-learn/scikit_learn-1.9.1-cp314-cp314-manylinux_2_27_x86_64.manylinux_2_28_x86_64.whl.metadata (9.3 kB)
Collecting seaborn>=0.13.2 (from scanpy)
  Downloading http://pypi-mirror.modal.local:5555/simple/seaborn/seaborn-0.13.2-py3-none-any.whl.metadata (5.4 kB)
Collecting session-info2 (from scanpy)
  Downloading http://pypi-mirror.modal.local:5555/simple/session-info2/session_info2-0.4.2-py3-none-any.whl.metadata (2.4 kB)
Collecting statsmodels>=0.14.5 (from scanpy)
  Downloading http://pypi-mirror.modal.local:5555/simple/statsmodels/statsmodels-0.15.0-cp314-cp314-manylinux_2_27_x86_64.manylinux_2_28_x86_64.whl.metadata (9.6 kB)
Collecting umap-learn>=0.5.12 (from scanpy)
  Downloading http://pypi-mirror.modal.local:5555/simple/umap-learn/umap_learn-0.5.12-py3-none-any.whl.metadata (24 kB)
Collecting texttable>=1.6.2 (from igraph>=0.11.8->cell-eval)
  Downloading http://pypi-mirror.modal.local:5555/simple/texttable/texttable-1.7.0-py2.py3-none-any.whl.metadata (9.8 kB)
Collecting contourpy>=1.0.1 (from matplotlib>=3.10->scanpy)
  Downloading http://pypi-mirror.modal.local:5555/simple/contourpy/contourpy-1.4.0-cp314-cp314-manylinux_2_27_x86_64.manylinux_2_28_x86_64.whl.metadata (3.8 kB)
Collecting cycler>=0.10 (from matplotlib>=3.10->scanpy)
  Downloading http://pypi-mirror.modal.local:5555/simple/cycler/cycler-0.12.1-py3-none-any.whl.metadata (3.8 kB)
Collecting fonttools>=4.28.2 (from matplotlib>=3.10->scanpy)
  Downloading http://pypi-mirror.modal.local:5555/simple/fonttools/fonttools-4.65.0-cp314-cp314-manylinux2014_x86_64.manylinux_2_17_x86_64.whl.metadata (125 kB)
Collecting kiwisolver>=1.3.1 (from matplotlib>=3.10->scanpy)
  Downloading http://pypi-mirror.modal.local:5555/simple/kiwisolver/kiwisolver-1.5.1-cp314-cp314-manylinux2014_x86_64.manylinux_2_17_x86_64.whl.metadata (5.2 kB)
Collecting pillow>=9 (from matplotlib>=3.10->scanpy)
  Downloading http://pypi-mirror.modal.local:5555/simple/pillow/pillow-12.3.0-cp314-cp314-manylinux_2_27_x86_64.manylinux_2_28_x86_64.whl.metadata (9.1 kB)
Collecting pyparsing>=3 (from matplotlib>=3.10->scanpy)
  Downloading http://pypi-mirror.modal.local:5555/simple/pyparsing/pyparsing-3.3.2-py3-none-any.whl.metadata (5.8 kB)
Collecting llvmlite<0.50,>=0.49.0dev0 (from numba>=0.60->scanpy)
  Downloading http://pypi-mirror.modal.local:5555/simple/llvmlite/llvmlite-0.49.0-cp314-cp314-manylinux2014_x86_64.manylinux_2_17_x86_64.whl.metadata (5.0 kB)
Collecting numba-mwu>=0.2.0 (from pdex>=0.2.5->cell-eval)
  Downloading http://pypi-mirror.modal.local:5555/simple/numba-mwu/numba_mwu-0.2.0-py3-none-any.whl.metadata (8.3 kB)
Collecting cloudpickle>=3.0 (from joblib->scanpy)
  Downloading http://pypi-mirror.modal.local:5555/simple/cloudpickle/cloudpickle-3.1.2-py3-none-any.whl.metadata (7.1 kB)
Collecting six>=1.5 (from python-dateutil>=2.8.2->pandas)
  Downloading http://pypi-mirror.modal.local:5555/simple/six/six-1.17.0-py2.py3-none-any.whl.metadata (1.7 kB)
Collecting narwhals>=2.0.1 (from scikit-learn>=1.6->scanpy)
  Downloading http://pypi-mirror.modal.local:5555/simple/narwhals/narwhals-2.26.0-py3-none-any.whl.metadata (15 kB)
Collecting threadpoolctl>=3.5.0 (from scikit-learn>=1.6->scanpy)
  Downloading http://pypi-mirror.modal.local:5555/simple/threadpoolctl/threadpoolctl-3.7.0-py3-none-any.whl.metadata (24 kB)
Collecting pydantic-settings (from scverse-misc[settings]>=0.1.0->anndata)
  Downloading http://pypi-mirror.modal.local:5555/simple/pydantic-settings/pydantic_settings-2.15.0-py3-none-any.whl.metadata (3.9 kB)
Collecting python-dotenv (from scverse-misc[settings]>=0.1.0->anndata)
  Downloading http://pypi-mirror.modal.local:5555/simple/python-dotenv/python_dotenv-1.2.3-py3-none-any.whl.metadata (29 kB)
Collecting formulaic>=1.1.0 (from statsmodels>=0.14.5->scanpy)
  Downloading http://pypi-mirror.modal.local:5555/simple/formulaic/formulaic-1.2.2-py3-none-any.whl.metadata (7.0 kB)
Collecting interface-meta>=1.2.0 (from formulaic>=1.1.0->statsmodels>=0.14.5->scanpy)
  Downloading http://pypi-mirror.modal.local:5555/simple/interface-meta/interface_meta-2.0.1-py3-none-any.whl.metadata (6.4 kB)
Collecting wrapt>=1.17.0rc1 (from formulaic>=1.1.0->statsmodels>=0.14.5->scanpy)
  Downloading http://pypi-mirror.modal.local:5555/simple/wrapt/wrapt-2.4.2rc1-cp314-cp314-manylinux1_x86_64.manylinux_2_28_x86_64.manylinux_2_5_x86_64.whl.metadata (7.4 kB)
Collecting donfig>=0.8 (from zarr>=3.1->anndata)
  Downloading http://pypi-mirror.modal.local:5555/simple/donfig/donfig-0.8.1.post1-py3-none-any.whl.metadata (5.0 kB)
Collecting google-crc32c>=1.5 (from zarr>=3.1->anndata)
  Downloading http://pypi-mirror.modal.local:5555/simple/google-crc32c/google_crc32c-1.8.0-cp314-cp314-manylinux1_x86_64.manylinux2014_x86_64.manylinux_2_17_x86_64.manylinux_2_5_x86_64.whl.metadata (1.7 kB)
Collecting msgspec>=0.19 (from zarr>=3.1->anndata)
  Downloading http://pypi-mirror.modal.local:5555/simple/msgspec/msgspec-0.21.1-cp314-cp314-manylinux2014_x86_64.manylinux_2_17_x86_64.manylinux_2_28_x86_64.whl.metadata (5.8 kB)
Collecting numcodecs>=0.14 (from zarr>=3.1->anndata)
  Downloading http://pypi-mirror.modal.local:5555/simple/numcodecs/numcodecs-0.17.0-cp314-cp314-manylinux2014_x86_64.manylinux_2_17_x86_64.manylinux_2_28_x86_64.whl.metadata (3.2 kB)
Collecting pydantic>=2.7.0 (from pydantic-settings->scverse-misc[settings]>=0.1.0->anndata)
  Downloading http://pypi-mirror.modal.local:5555/simple/pydantic/pydantic-2.13.5-py3-none-any.whl.metadata (110 kB)
Collecting typing-inspection>=0.4.0 (from pydantic-settings->scverse-misc[settings]>=0.1.0->anndata)
  Downloading http://pypi-mirror.modal.local:5555/simple/typing-inspection/typing_inspection-0.4.4-py3-none-any.whl.metadata (2.6 kB)
Collecting annotated-types>=0.6.0 (from pydantic>=2.7.0->pydantic-settings->scverse-misc[settings]>=0.1.0->anndata)
  Downloading http://pypi-mirror.modal.local:5555/simple/annotated-types/annotated_types-0.8.0-py3-none-any.whl.metadata (15 kB)
Collecting pydantic-core==2.46.5 (from pydantic>=2.7.0->pydantic-settings->scverse-misc[settings]>=0.1.0->anndata)
  Downloading http://pypi-mirror.modal.local:5555/simple/pydantic-core/pydantic_core-2.46.5-cp314-cp314-manylinux_2_17_x86_64.manylinux2014_x86_64.whl.metadata (6.6 kB)
Downloading http://pypi-mirror.modal.local:5555/simple/anndata/anndata-0.13.4-py3-none-any.whl (190 kB)
Downloading http://pypi-mirror.modal.local:5555/simple/cell-eval/cell_eval-0.8.2-py3-none-any.whl (44 kB)
Downloading http://pypi-mirror.modal.local:5555/simple/h5py/h5py-3.16.0-cp314-cp314-manylinux_2_28_x86_64.whl (5.4 MB)
   ━━━━━━━━━━━━━━━━━━━━━━━━━━━━━━━━━━━━━━━━ 5.4/5.4 MB 201.2 MB/s  0:00:00
Downloading http://pypi-mirror.modal.local:5555/simple/numpy/numpy-2.5.3-cp314-cp314-manylinux_2_27_x86_64.manylinux_2_28_x86_64.whl (16.7 MB)
   ━━━━━━━━━━━━━━━━━━━━━━━━━━━━━━━━━━━━━━━━ 16.7/16.7 MB 174.1 MB/s  0:00:00
Downloading http://pypi-mirror.modal.local:5555/simple/pandas/pandas-3.0.6-cp314-cp314-manylinux_2_24_x86_64.manylinux_2_28_x86_64.whl (10.8 MB)
   ━━━━━━━━━━━━━━━━━━━━━━━━━━━━━━━━━━━━━━━━ 10.8/10.8 MB 170.1 MB/s  0:00:00
Downloading http://pypi-mirror.modal.local:5555/simple/polars/polars-1.44.2-py3-none-any.whl (865 kB)
   ━━━━━━━━━━━━━━━━━━━━━━━━━━━━━━━━━━━━━━━━ 865.8/865.8 kB 240.0 MB/s  0:00:00
Downloading http://pypi-mirror.modal.local:5555/simple/polars-runtime-32/polars_runtime_32-1.44.2-cp310-abi3-manylinux_2_17_x86_64.manylinux2014_x86_64.whl (49.9 MB)
   ━━━━━━━━━━━━━━━━━━━━━━━━━━━━━━━━━━━━━━━━ 49.9/49.9 MB 242.7 MB/s  0:00:00
Downloading http://pypi-mirror.modal.local:5555/simple/scanpy/scanpy-1.12.4-py3-none-any.whl (2.2 MB)
   ━━━━━━━━━━━━━━━━━━━━━━━━━━━━━━━━━━━━━━━━ 2.2/2.2 MB 198.2 MB/s  0:00:00
Downloading http://pypi-mirror.modal.local:5555/simple/scipy/scipy-1.18.1-cp314-cp314-manylinux_2_27_x86_64.manylinux_2_28_x86_64.whl (35.3 MB)
   ━━━━━━━━━━━━━━━━━━━━━━━━━━━━━━━━━━━━━━━━ 35.3/35.3 MB 183.1 MB/s  0:00:00
Downloading http://pypi-mirror.modal.local:5555/simple/array-api-compat/array_api_compat-1.15.0-py3-none-any.whl (79 kB)
Downloading http://pypi-mirror.modal.local:5555/simple/fast-array-utils/fast_array_utils-1.5.1-py3-none-any.whl (40 kB)
Downloading http://pypi-mirror.modal.local:5555/simple/igraph/igraph-1.0.0-cp39-abi3-manylinux_2_28_x86_64.whl (5.7 MB)
   ━━━━━━━━━━━━━━━━━━━━━━━━━━━━━━━━━━━━━━━━ 5.7/5.7 MB 191.9 MB/s  0:00:00
Downloading http://pypi-mirror.modal.local:5555/simple/legacy-api-wrap/legacy_api_wrap-1.5-py3-none-any.whl (10 kB)
Downloading http://pypi-mirror.modal.local:5555/simple/matplotlib/matplotlib-3.11.2-cp314-cp314-manylinux_2_27_x86_64.manylinux_2_28_x86_64.whl (11.0 MB)
   ━━━━━━━━━━━━━━━━━━━━━━━━━━━━━━━━━━━━━━━━ 11.0/11.0 MB 152.5 MB/s  0:00:00
Downloading http://pypi-mirror.modal.local:5555/simple/contourpy/contourpy-1.4.0-cp314-cp314-manylinux_2_27_x86_64.manylinux_2_28_x86_64.whl (384 kB)
Downloading http://pypi-mirror.modal.local:5555/simple/cycler/cycler-0.12.1-py3-none-any.whl (8.3 kB)
Downloading http://pypi-mirror.modal.local:5555/simple/fonttools/fonttools-4.65.0-cp314-cp314-manylinux2014_x86_64.manylinux_2_17_x86_64.whl (5.3 MB)
   ━━━━━━━━━━━━━━━━━━━━━━━━━━━━━━━━━━━━━━━━ 5.3/5.3 MB 185.0 MB/s  0:00:00
Downloading http://pypi-mirror.modal.local:5555/simple/kiwisolver/kiwisolver-1.5.1-cp314-cp314-manylinux2014_x86_64.manylinux_2_17_x86_64.whl (1.5 MB)
   ━━━━━━━━━━━━━━━━━━━━━━━━━━━━━━━━━━━━━━━━ 1.5/1.5 MB 209.2 MB/s  0:00:00
Downloading http://pypi-mirror.modal.local:5555/simple/networkx/networkx-3.6.1-py3-none-any.whl (2.1 MB)
   ━━━━━━━━━━━━━━━━━━━━━━━━━━━━━━━━━━━━━━━━ 2.1/2.1 MB 238.9 MB/s  0:00:00
Downloading http://pypi-mirror.modal.local:5555/simple/numba/numba-0.67.0-cp314-cp314-manylinux2014_x86_64.manylinux_2_17_x86_64.whl (3.9 MB)
   ━━━━━━━━━━━━━━━━━━━━━━━━━━━━━━━━━━━━━━━━ 3.9/3.9 MB 183.9 MB/s  0:00:00
Downloading http://pypi-mirror.modal.local:5555/simple/llvmlite/llvmlite-0.49.0-cp314-cp314-manylinux2014_x86_64.manylinux_2_17_x86_64.whl (59.9 MB)
   ━━━━━━━━━━━━━━━━━━━━━━━━━━━━━━━━━━━━━━━━ 59.9/59.9 MB 176.9 MB/s  0:00:00
Downloading http://pypi-mirror.modal.local:5555/simple/packaging/packaging-26.3-py3-none-any.whl (129 kB)
Downloading http://pypi-mirror.modal.local:5555/simple/pdex/pdex-0.3.0-py3-none-any.whl (16 kB)
Downloading http://pypi-mirror.modal.local:5555/simple/numba-mwu/numba_mwu-0.2.0-py3-none-any.whl (17 kB)
Downloading http://pypi-mirror.modal.local:5555/simple/pillow/pillow-12.3.0-cp314-cp314-manylinux_2_27_x86_64.manylinux_2_28_x86_64.whl (6.9 MB)
   ━━━━━━━━━━━━━━━━━━━━━━━━━━━━━━━━━━━━━━━━ 6.9/6.9 MB 143.4 MB/s  0:00:00
Downloading http://pypi-mirror.modal.local:5555/simple/pyarrow/pyarrow-25.0.1-cp314-cp314-manylinux_2_28_x86_64.whl (50.1 MB)
   ━━━━━━━━━━━━━━━━━━━━━━━━━━━━━━━━━━━━━━━━ 50.1/50.1 MB 192.6 MB/s  0:00:00
Downloading http://pypi-mirror.modal.local:5555/simple/pynndescent/pynndescent-0.6.0-py3-none-any.whl (73 kB)
Downloading http://pypi-mirror.modal.local:5555/simple/joblib/joblib-1.6.0-py3-none-any.whl (306 kB)
Downloading http://pypi-mirror.modal.local:5555/simple/cloudpickle/cloudpickle-3.1.2-py3-none-any.whl (22 kB)
Downloading http://pypi-mirror.modal.local:5555/simple/pyparsing/pyparsing-3.3.2-py3-none-any.whl (122 kB)
Downloading http://pypi-mirror.modal.local:5555/simple/python-dateutil/python_dateutil-2.9.0.post0-py2.py3-none-any.whl (229 kB)
Downloading http://pypi-mirror.modal.local:5555/simple/pyyaml/pyyaml-6.0.3-cp314-cp314-manylinux2014_x86_64.manylinux_2_17_x86_64.manylinux_2_28_x86_64.whl (794 kB)
   ━━━━━━━━━━━━━━━━━━━━━━━━━━━━━━━━━━━━━━━━ 794.2/794.2 kB 407.2 MB/s  0:00:00
Downloading http://pypi-mirror.modal.local:5555/simple/scikit-learn/scikit_learn-1.9.1-cp314-cp314-manylinux_2_27_x86_64.manylinux_2_28_x86_64.whl (9.2 MB)
   ━━━━━━━━━━━━━━━━━━━━━━━━━━━━━━━━━━━━━━━━ 9.2/9.2 MB 167.1 MB/s  0:00:00
Downloading http://pypi-mirror.modal.local:5555/simple/narwhals/narwhals-2.26.0-py3-none-any.whl (474 kB)
Downloading http://pypi-mirror.modal.local:5555/simple/scverse-misc/scverse_misc-0.1.6-py3-none-any.whl (28 kB)
Downloading http://pypi-mirror.modal.local:5555/simple/seaborn/seaborn-0.13.2-py3-none-any.whl (294 kB)
Downloading http://pypi-mirror.modal.local:5555/simple/six/six-1.17.0-py2.py3-none-any.whl (11 kB)
Downloading http://pypi-mirror.modal.local:5555/simple/statsmodels/statsmodels-0.15.0-cp314-cp314-manylinux_2_27_x86_64.manylinux_2_28_x86_64.whl (12.1 MB)
   ━━━━━━━━━━━━━━━━━━━━━━━━━━━━━━━━━━━━━━━━ 12.1/12.1 MB 187.5 MB/s  0:00:00
Downloading http://pypi-mirror.modal.local:5555/simple/formulaic/formulaic-1.2.2-py3-none-any.whl (118 kB)
Downloading http://pypi-mirror.modal.local:5555/simple/interface-meta/interface_meta-2.0.1-py3-none-any.whl (15 kB)
Downloading http://pypi-mirror.modal.local:5555/simple/patsy/patsy-1.0.3-py2.py3-none-any.whl (233 kB)
Downloading http://pypi-mirror.modal.local:5555/simple/texttable/texttable-1.7.0-py2.py3-none-any.whl (10 kB)
Downloading http://pypi-mirror.modal.local:5555/simple/threadpoolctl/threadpoolctl-3.7.0-py3-none-any.whl (26 kB)
Downloading http://pypi-mirror.modal.local:5555/simple/tqdm/tqdm-4.70.1-py3-none-any.whl (80 kB)
Downloading http://pypi-mirror.modal.local:5555/simple/typing-extensions/typing_extensions-4.16.0-py3-none-any.whl (45 kB)
Downloading http://pypi-mirror.modal.local:5555/simple/umap-learn/umap_learn-0.5.12-py3-none-any.whl (91 kB)
Downloading http://pypi-mirror.modal.local:5555/simple/wrapt/wrapt-2.4.2rc1-cp314-cp314-manylinux1_x86_64.manylinux_2_28_x86_64.manylinux_2_5_x86_64.whl (244 kB)
Downloading http://pypi-mirror.modal.local:5555/simple/zarr/zarr-3.4.0-py3-none-any.whl (376 kB)
Downloading http://pypi-mirror.modal.local:5555/simple/donfig/donfig-0.8.1.post1-py3-none-any.whl (21 kB)
Downloading http://pypi-mirror.modal.local:5555/simple/google-crc32c/google_crc32c-1.8.0-cp314-cp314-manylinux1_x86_64.manylinux2014_x86_64.manylinux_2_17_x86_64.manylinux_2_5_x86_64.whl (33 kB)
Downloading http://pypi-mirror.modal.local:5555/simple/msgspec/msgspec-0.21.1-cp314-cp314-manylinux2014_x86_64.manylinux_2_17_x86_64.manylinux_2_28_x86_64.whl (224 kB)
Downloading http://pypi-mirror.modal.local:5555/simple/numcodecs/numcodecs-0.17.0-cp314-cp314-manylinux2014_x86_64.manylinux_2_17_x86_64.manylinux_2_28_x86_64.whl (1.4 MB)
   ━━━━━━━━━━━━━━━━━━━━━━━━━━━━━━━━━━━━━━━━ 1.4/1.4 MB 181.6 MB/s  0:00:00
Downloading http://pypi-mirror.modal.local:5555/simple/certifi/certifi-2026.7.22-py3-none-any.whl (136 kB)
Downloading http://pypi-mirror.modal.local:5555/simple/natsort/natsort-8.4.0-py3-none-any.whl (38 kB)
Downloading http://pypi-mirror.modal.local:5555/simple/pydantic-settings/pydantic_settings-2.15.0-py3-none-any.whl (69 kB)
Downloading http://pypi-mirror.modal.local:5555/simple/pydantic/pydantic-2.13.5-py3-none-any.whl (472 kB)
Downloading http://pypi-mirror.modal.local:5555/simple/pydantic-core/pydantic_core-2.46.5-cp314-cp314-manylinux_2_17_x86_64.manylinux2014_x86_64.whl (2.1 MB)
   ━━━━━━━━━━━━━━━━━━━━━━━━━━━━━━━━━━━━━━━━ 2.1/2.1 MB 157.8 MB/s  0:00:00
Downloading http://pypi-mirror.modal.local:5555/simple/annotated-types/annotated_types-0.8.0-py3-none-any.whl (13 kB)
Downloading http://pypi-mirror.modal.local:5555/simple/python-dotenv/python_dotenv-1.2.3-py3-none-any.whl (22 kB)
Downloading http://pypi-mirror.modal.local:5555/simple/typing-inspection/typing_inspection-0.4.4-py3-none-any.whl (14 kB)
Downloading http://pypi-mirror.modal.local:5555/simple/session-info2/session_info2-0.4.2-py3-none-any.whl (17 kB)
Installing collected packages: texttable, wrapt, typing-extensions, tqdm, threadpoolctl, six, session-info2, pyyaml, python-dotenv, pyparsing, pyarrow, polars-runtime-32, pillow, packaging, numpy, networkx, natsort, narwhals, msgspec, llvmlite, legacy-api-wrap, kiwisolver, interface-meta, igraph, google-crc32c, fonttools, cycler, cloudpickle, certifi, array-api-compat, annotated-types, typing-inspection, scverse-misc, scipy, python-dateutil, pydantic-core, polars, patsy, numcodecs, numba, joblib, h5py, fast-array-utils, donfig, contourpy, zarr, scikit-learn, pydantic, pandas, numba-mwu, matplotlib, seaborn, pynndescent, pydantic-settings, formulaic, umap-learn, statsmodels, anndata, scanpy, pdex, cell-eval

Successfully installed anndata-0.13.4 annotated-types-0.8.0 array-api-compat-1.15.0 cell-eval-0.8.2 certifi-2026.7.22 cloudpickle-3.1.2 contourpy-1.4.0 cycler-0.12.1 donfig-0.8.1.post1 fast-array-utils-1.5.1 fonttools-4.65.0 formulaic-1.2.2 google-crc32c-1.8.0 h5py-3.16.0 igraph-1.0.0 interface-meta-2.0.1 joblib-1.6.0 kiwisolver-1.5.1 legacy-api-wrap-1.5 llvmlite-0.49.0 matplotlib-3.11.2 msgspec-0.21.1 narwhals-2.26.0 natsort-8.4.0 networkx-3.6.1 numba-0.67.0 numba-mwu-0.2.0 numcodecs-0.17.0 numpy-2.5.3 packaging-26.3 pandas-3.0.6 patsy-1.0.3 pdex-0.3.0 pillow-12.3.0 polars-1.44.2 polars-runtime-32-1.44.2 pyarrow-25.0.1 pydantic-2.13.5 pydantic-core-2.46.5 pydantic-settings-2.15.0 pynndescent-0.6.0 pyparsing-3.3.2 python-dateutil-2.9.0.post0 python-dotenv-1.2.3 pyyaml-6.0.3 scanpy-1.12.4 scikit-learn-1.9.1 scipy-1.18.1 scverse-misc-0.1.6 seaborn-0.13.2 session-info2-0.4.2 six-1.17.0 statsmodels-0.15.0 texttable-1.7.0 threadpoolctl-3.7.0 tqdm-4.70.1 typing-extensions-4.16.0 typing-inspection-0.4.4 umap-learn-0.5.12 wrapt-2.4.2rc1 zarr-3.4.0

[notice] A new release of pip is available: 25.3 -> 26.2.1
[notice] To update, run: pip install --upgrade pip
Saving image...
Image saved, took 3.65s

Built image im-MjzzOlmoyc1yCDXQjhWrPn in 61.94s


Building image im-oHrFCSTDoMY6WIOuofOxm3

=> Step 0: FROM base

=> Step 1: COPY . /
Saving image...
Image saved, took 721.64ms

Built image im-oHrFCSTDoMY6WIOuofOxm3 in 2.11s


Building image im-zUSSHDF5iINFLaLyXVlB2J

=> Step 0: FROM base

=> Step 1: COPY . /
Saving image...
Image saved, took 1.17s

Built image im-zUSSHDF5iINFLaLyXVlB2J in 2.35s


✓ Created objects.
├── 🔨 Created mount /Users/udingethe/Dev/kytos/tools/modal_k021_ceiling.py
├── 🔨 Created mount /Users/udingethe/Dev/kytos/src/kytos
├── 🔨 Created mount /Users/udingethe/Dev/kytos/tools/run_k021_ceiling.py
└── 🔨 Created function run_ceiling.

=== stage inputs ===
+ mkdir -p /root/atlas /root/paired
+ cp /kytos-vol/atlas/adata_Validation.h5ad /root/atlas/
+ cp /kytos-vol/paired-transfer/paired_transfer_train.npz /root/paired/
+ ls -lh /root/atlas /root/paired
/root/atlas:
total 6.5G
-rw-r--r-- 1 root root 6.5G Sep 20 12:24 adata_Validation.h5ad

/root/paired:
total 5.2M
-rw-r--r-- 1 root root 5.2M Sep 20 12:24 paired_transfer_train.npz

=== run ceiling attribution ===
+ cd /root/kytos
+ mkdir -p /root/kytos/experiments/k021-ceiling
+ python tools/run_k021_ceiling.py --val-h5ad /root/atlas/adata_Validation.h5ad --paired-npz /root/paired/paired_transfer_train.npz --outdir /root/kytos/experiments/k021-ceiling --cells-per-target 400 --control-cells 4000 --max-targets 0 --profile minimal
[real] loading /root/atlas/adata_Validation.h5ad ...
[real] (98927, 18080), 50 targets, 38176 controls
[paired] 47 K562 source deltas mapped
[targets] evaluating 47; dropped 3: ['CXCL12', 'SH3BP4', 'THY1']
[real] subset to (93697, 18080)
[control] using 4000 control cells as template
[de] norm-log converting real subset ...
[de] running pdex on real ((93697, 18080), 8 threads) ...

[1ARunning parallel differential expression (against reference):   0%|          | 0/48 [00:00<?, ?it/s]
[1ARunning parallel differential expression (against reference):   2%|▏         | 1/48 [00:11<08:56, 11.42s/it]
[1ARunning parallel differential expression (against reference):   4%|▍         | 2/48 [00:17<06:22,  8.32s/it]
[1ARunning parallel differential expression (against reference):   6%|▋         | 3/48 [00:23<05:18,  7.08s/it]
[1ARunning parallel differential expression (against reference):   8%|▊         | 4/48 [00:28<04:47,  6.54s/it]
[1ARunning parallel differential expression (against reference):  10%|█         | 5/48 [00:34<04:26,  6.21s/it]
[1ARunning parallel differential expression (against reference):  12%|█▎        | 6/48 [00:40<04:13,  6.02s/it]
[1ARunning parallel differential expression (against reference):  15%|█▍        | 7/48 [00:46<04:05,  5.98s/it]
[1ARunning parallel differential expression (against reference):  17%|█▋        | 8/48 [00:51<03:58,  5.95s/it]
[1ARunning parallel differential expression (against reference):  19%|█▉        | 9/48 [00:57<03:49,  5.87s/it]
[1ARunning parallel differential expression (against reference):  21%|██        | 10/48 [01:03<03:38,  5.76s/it]
[1ARunning parallel differential expression (against reference):  23%|██▎       | 11/48 [01:08<03:33,  5.76s/it]
[1ARunning parallel differential expression (against reference):  25%|██▌       | 12/48 [01:14<03:23,  5.65s/it]
[1ARunning parallel differential expression (against reference):  27%|██▋       | 13/48 [01:19<03:14,  5.56s/it]
[1ARunning parallel differential expression (against reference):  29%|██▉       | 14/48 [01:25<03:08,  5.54s/it]
[1ARunning parallel differential expression (against reference):  31%|███▏      | 15/48 [01:30<03:03,  5.56s/it]
[1ARunning parallel differential expression (against reference):  33%|███▎      | 16/48 [01:36<02:56,  5.52s/it]
[1ARunning parallel differential expression (against reference):  35%|███▌      | 17/48 [01:41<02:52,  5.56s/it]
[1ARunning parallel differential expression (against reference):  38%|███▊      | 18/48 [01:47<02:46,  5.56s/it]
[1ARunning parallel differential expression (against reference):  40%|███▉      | 19/48 [01:53<02:43,  5.63s/it]
[1ARunning parallel differential expression (against reference):  42%|████▏     | 20/48 [01:58<02:37,  5.62s/it]
[1ARunning parallel differential expression (against reference):  44%|████▍     | 21/48 [02:04<02:34,  5.72s/it]
[1ARunning parallel differential expression (against reference):  46%|████▌     | 22/48 [02:10<02:30,  5.78s/it]
[1ARunning parallel differential expression (against reference):  48%|████▊     | 23/48 [02:16<02:22,  5.70s/it]
[1ARunning parallel differential expression (against reference):  50%|█████     | 24/48 [02:21<02:15,  5.63s/it]
[1ARunning parallel differential expression (against reference):  52%|█████▏    | 25/48 [02:27<02:10,  5.69s/it]
[1ARunning parallel differential expression (against reference):  54%|█████▍    | 26/48 [02:33<02:05,  5.71s/it]
[1ARunning parallel differential expression (against reference):  56%|█████▋    | 27/48 [02:38<02:00,  5.72s/it]
[1ARunning parallel differential expression (against reference):  58%|█████▊    | 28/48 [02:44<01:52,  5.60s/it]
[1ARunning parallel differential expression (against reference):  60%|██████    | 29/48 [02:50<01:48,  5.70s/it]
[1ARunning parallel differential expression (against reference):  62%|██████▎   | 30/48 [02:56<01:43,  5.73s/it]
[1ARunning parallel differential expression (against reference):  65%|██████▍   | 31/48 [03:01<01:36,  5.68s/it]
[1ARunning parallel differential expression (against reference):  67%|██████▋   | 32/48 [03:07<01:31,  5.74s/it]
[1ARunning parallel differential expression (against reference):  69%|██████▉   | 33/48 [03:13<01:26,  5.74s/it]
[1ARunning parallel differential expression (against reference):  71%|███████   | 34/48 [03:18<01:19,  5.66s/it]
[1ARunning parallel differential expression (against reference):  73%|███████▎  | 35/48 [03:24<01:14,  5.73s/it]
[1ARunning parallel differential expression (against reference):  75%|███████▌  | 36/48 [03:30<01:09,  5.75s/it]
[1ARunning parallel differential expression (against reference):  77%|███████▋  | 37/48 [03:35<01:02,  5.67s/it]
[1ARunning parallel differential expression (against reference):  79%|███████▉  | 38/48 [03:41<00:56,  5.61s/it]
[1ARunning parallel differential expression (against reference):  81%|████████▏ | 39/48 [03:46<00:49,  5.53s/it]
[1ARunning parallel differential expression (against reference):  83%|████████▎ | 40/48 [03:52<00:43,  5.50s/it]
[1ARunning parallel differential expression (against reference):  85%|████████▌ | 41/48 [03:57<00:38,  5.55s/it]
[1ARunning parallel differential expression (against reference):  88%|████████▊ | 42/48 [04:03<00:33,  5.56s/it]
[1ARunning parallel differential expression (against reference):  90%|████████▉ | 43/48 [04:08<00:27,  5.58s/it]
[1ARunning parallel differential expression (against reference):  92%|█████████▏| 44/48 [04:14<00:22,  5.56s/it]
[1ARunning parallel differential expression (against reference):  94%|█████████▍| 45/48 [04:19<00:16,  5.50s/it]
[1ARunning parallel differential expression (against reference):  96%|█████████▌| 46/48 [04:25<00:11,  5.65s/it]
[1ARunning parallel differential expression (against reference):  98%|█████████▊| 47/48 [04:31<00:05,  5.56s/it]
[1ARunning parallel differential expression (against reference): 100%|██████████| 48/48 [04:31<00:00,  5.65s/it]
[de] real DE done in 277.0s (849760 rows)
[sanity] mean cos(identity_ds1p7, true) = 0.114

=== arm identity_ds1p7 ===
[gen] (18800, 18080) pert cells in 82.3s (nnz 181.6M)
Output directory /root/kytos/experiments/k021-ceiling/identity_ds1p7 already exists, potential overwrite occurring

[1ARunning parallel differential expression (against reference):   0%|          | 0/48 [00:00<?, ?it/s]
[1ARunning parallel differential expression (against reference):   2%|▏         | 1/48 [00:01<01:00,  1.29s/it]
[1ARunning parallel differential expression (against reference):   4%|▍         | 2/48 [00:01<00:39,  1.15it/s]
[1ARunning parallel differential expression (against reference):   6%|▋         | 3/48 [00:02<00:33,  1.36it/s]
[1ARunning parallel differential expression (against reference):   8%|▊         | 4/48 [00:03<00:29,  1.49it/s]
[1ARunning parallel differential expression (against reference):  10%|█         | 5/48 [00:03<00:27,  1.57it/s]
[1ARunning parallel differential expression (against reference):  12%|█▎        | 6/48 [00:04<00:25,  1.62it/s]
[1ARunning parallel differential expression (against reference):  15%|█▍        | 7/48 [00:04<00:24,  1.66it/s]
[1ARunning parallel differential expression (against reference):  17%|█▋        | 8/48 [00:05<00:23,  1.68it/s]
[1ARunning parallel differential expression (against reference):  19%|█▉        | 9/48 [00:05<00:23,  1.69it/s]
[1ARunning parallel differential expression (against reference):  21%|██        | 10/48 [00:06<00:22,  1.70it/s]
[1ARunning parallel differential expression (against reference):  23%|██▎       | 11/48 [00:07<00:21,  1.71it/s]
[1ARunning parallel differential expression (against reference):  25%|██▌       | 12/48 [00:07<00:21,  1.71it/s]
[1ARunning parallel differential expression (against reference):  27%|██▋       | 13/48 [00:08<00:20,  1.71it/s]
[1ARunning parallel differential expression (against reference):  29%|██▉       | 14/48 [00:08<00:19,  1.73it/s]
[1ARunning parallel differential expression (against reference):  31%|███▏      | 15/48 [00:09<00:19,  1.70it/s]
[1ARunning parallel differential expression (against reference):  33%|███▎      | 16/48 [00:09<00:18,  1.71it/s]
[1ARunning parallel differential expression (against reference):  35%|███▌      | 17/48 [00:10<00:18,  1.71it/s]
[1ARunning parallel differential expression (against reference):  38%|███▊      | 18/48 [00:11<00:17,  1.72it/s]
[1ARunning parallel differential expression (against reference):  40%|███▉      | 19/48 [00:11<00:16,  1.72it/s]
[1ARunning parallel differential expression (against reference):  42%|████▏     | 20/48 [00:12<00:16,  1.72it/s]
[1ARunning parallel differential expression (against reference):  44%|████▍     | 21/48 [00:12<00:15,  1.74it/s]
[1ARunning parallel differential expression (against reference):  46%|████▌     | 22/48 [00:13<00:15,  1.73it/s]
[1ARunning parallel differential expression (against reference):  48%|████▊     | 23/48 [00:14<00:14,  1.73it/s]
[1ARunning parallel differential expression (against reference):  50%|█████     | 24/48 [00:14<00:13,  1.73it/s]
[1ARunning parallel differential expression (against reference):  52%|█████▏    | 25/48 [00:15<00:13,  1.74it/s]
[1ARunning parallel differential expression (against reference):  54%|█████▍    | 26/48 [00:15<00:12,  1.74it/s]
[1ARunning parallel differential expression (against reference):  56%|█████▋    | 27/48 [00:16<00:12,  1.74it/s]
[1ARunning parallel differential expression (against reference):  58%|█████▊    | 28/48 [00:16<00:11,  1.74it/s]
[1ARunning parallel differential expression (against reference):  60%|██████    | 29/48 [00:17<00:10,  1.73it/s]
[1ARunning parallel differential expression (against reference):  62%|██████▎   | 30/48 [00:18<00:10,  1.74it/s]
[1ARunning parallel differential expression (against reference):  65%|██████▍   | 31/48 [00:18<00:09,  1.74it/s]
[1ARunning parallel differential expression (against reference):  67%|██████▋   | 32/48 [00:19<00:09,  1.73it/s]
[1ARunning parallel differential expression (against reference):  69%|██████▉   | 33/48 [00:19<00:08,  1.73it/s]
[1ARunning parallel differential expression (against reference):  71%|███████   | 34/48 [00:20<00:08,  1.73it/s]
[1ARunning parallel differential expression (against reference):  73%|███████▎  | 35/48 [00:20<00:07,  1.74it/s]
[1ARunning parallel differential expression (against reference):  75%|███████▌  | 36/48 [00:21<00:06,  1.74it/s]
[1ARunning parallel differential expression (against reference):  77%|███████▋  | 37/48 [00:22<00:06,  1.74it/s]
[1ARunning parallel differential expression (against reference):  79%|███████▉  | 38/48 [00:22<00:05,  1.74it/s]
[1ARunning parallel differential expression (against reference):  81%|████████▏ | 39/48 [00:23<00:05,  1.73it/s]
[1ARunning parallel differential expression (against reference):  83%|████████▎ | 40/48 [00:23<00:04,  1.73it/s]
[1ARunning parallel differential expression (against reference):  85%|████████▌ | 41/48 [00:24<00:04,  1.75it/s]
[1ARunning parallel differential expression (against reference):  88%|████████▊ | 42/48 [00:24<00:03,  1.74it/s]
[1ARunning parallel differential expression (against reference):  90%|████████▉ | 43/48 [00:25<00:02,  1.74it/s]
[1ARunning parallel differential expression (against reference):  92%|█████████▏| 44/48 [00:26<00:02,  1.74it/s]
[1ARunning parallel differential expression (against reference):  94%|█████████▍| 45/48 [00:26<00:01,  1.74it/s]
[1ARunning parallel differential expression (against reference):  96%|█████████▌| 46/48 [00:27<00:01,  1.75it/s]
[1ARunning parallel differential expression (against reference):  98%|█████████▊| 47/48 [00:27<00:00,  1.75it/s]
[1ARunning parallel differential expression (against reference): 100%|██████████| 48/48 [00:27<00:00,  1.73it/s]
Identified 83273 infinite log2 fold change values (real)
Identified 57778 infinite log2 fold change values (pred)

[1AIterating over perturbations...:   0%|          | 0/47 [00:00<?, ?it/s]
[1AIterating over perturbations...: 100%|██████████| 47/47 [00:00<00:00, 1391.52it/s]

[1AIterating over perturbations...:   0%|          | 0/47 [00:00<?, ?it/s]
[1AIterating over perturbations...: 100%|██████████| 47/47 [00:00<00:00, 1829.91it/s]

[1AIterating over perturbations...:   0%|          | 0/47 [00:00<?, ?it/s]
[1AIterating over perturbations...: 100%|██████████| 47/47 [00:00<00:00, 2109.43it/s]

[1AIterating over perturbations...:   0%|          | 0/47 [00:00<?, ?it/s]
[1AIterating over perturbations...: 100%|██████████| 47/47 [00:00<00:00, 13377.60it/s]

[1AIterating over perturbations...:   0%|          | 0/47 [00:00<?, ?it/s]
[1AIterating over perturbations...: 100%|██████████| 47/47 [00:00<00:00, 12535.44it/s]
[eval] identity_ds1p7: {"overlap_at_N": 0.20532080804120262, "precision_at_N": 0.21245362498059267, "de_nsig_counts_real": 3436.0425531914893, "de_nsig_counts_pred": 6704.617021276596, "pearson_delta": 0.0759503815445489, "mse": 0.010001452527084365, "mae": 0.0611984451946285, "discrimination_score_l1": 0.5301041195110912}

=== arm true_ds1p0 ===
[gen] (18800, 18080) pert cells in 82.9s (nnz 181.7M)
Output directory /root/kytos/experiments/k021-ceiling/true_ds1p0 already exists, potential overwrite occurring

[1ARunning parallel differential expression (against reference):   0%|          | 0/48 [00:00<?, ?it/s]
[1ARunning parallel differential expression (against reference):   2%|▏         | 1/48 [00:00<00:26,  1.79it/s]
[1ARunning parallel differential expression (against reference):   4%|▍         | 2/48 [00:01<00:25,  1.79it/s]
[1ARunning parallel differential expression (against reference):   6%|▋         | 3/48 [00:01<00:25,  1.79it/s]
[1ARunning parallel differential expression (against reference):   8%|▊         | 4/48 [00:02<00:24,  1.78it/s]
[1ARunning parallel differential expression (against reference):  10%|█         | 5/48 [00:02<00:24,  1.77it/s]
[1ARunning parallel differential expression (against reference):  12%|█▎        | 6/48 [00:03<00:23,  1.75it/s]
[1ARunning parallel differential expression (against reference):  15%|█▍        | 7/48 [00:03<00:23,  1.75it/s]
[1ARunning parallel differential expression (against reference):  17%|█▋        | 8/48 [00:04<00:22,  1.75it/s]
[1ARunning parallel differential expression (against reference):  19%|█▉        | 9/48 [00:05<00:22,  1.75it/s]
[1ARunning parallel differential expression (against reference):  21%|██        | 10/48 [00:05<00:21,  1.74it/s]
[1ARunning parallel differential expression (against reference):  23%|██▎       | 11/48 [00:06<00:21,  1.74it/s]
[1ARunning parallel differential expression (against reference):  25%|██▌       | 12/48 [00:06<00:20,  1.75it/s]
[1ARunning parallel differential expression (against reference):  27%|██▋       | 13/48 [00:07<00:19,  1.76it/s]
[1ARunning parallel differential expression (against reference):  29%|██▉       | 14/48 [00:07<00:19,  1.77it/s]
[1ARunning parallel differential expression (against reference):  31%|███▏      | 15/48 [00:08<00:18,  1.78it/s]
[1ARunning parallel differential expression (against reference):  33%|███▎      | 16/48 [00:09<00:18,  1.78it/s]
[1ARunning parallel differential expression (against reference):  35%|███▌      | 17/48 [00:09<00:17,  1.78it/s]
[1ARunning parallel differential expression (against reference):  38%|███▊      | 18/48 [00:10<00:16,  1.79it/s]
[1ARunning parallel differential expression (against reference):  40%|███▉      | 19/48 [00:10<00:16,  1.79it/s]
[1ARunning parallel differential expression (against reference):  42%|████▏     | 20/48 [00:11<00:15,  1.80it/s]
[1ARunning parallel differential expression (against reference):  44%|████▍     | 21/48 [00:11<00:15,  1.79it/s]
[1ARunning parallel differential expression (against reference):  46%|████▌     | 22/48 [00:12<00:14,  1.79it/s]
[1ARunning parallel differential expression (against reference):  48%|████▊     | 23/48 [00:12<00:13,  1.79it/s]
[1ARunning parallel differential expression (against reference):  50%|█████     | 24/48 [00:13<00:13,  1.79it/s]
[1ARunning parallel differential expression (against reference):  52%|█████▏    | 25/48 [00:14<00:12,  1.79it/s]
[1ARunning parallel differential expression (against reference):  54%|█████▍    | 26/48 [00:14<00:12,  1.78it/s]
[1ARunning parallel differential expression (against reference):  56%|█████▋    | 27/48 [00:15<00:11,  1.77it/s]
[1ARunning parallel differential expression (against reference):  58%|█████▊    | 28/48 [00:15<00:11,  1.77it/s]
[1ARunning parallel differential expression (against reference):  60%|██████    | 29/48 [00:16<00:10,  1.77it/s]
[1ARunning parallel differential expression (against reference):  62%|██████▎   | 30/48 [00:16<00:10,  1.77it/s]
[1ARunning parallel differential expression (against reference):  65%|██████▍   | 31/48 [00:17<00:09,  1.78it/s]
[1ARunning parallel differential expression (against reference):  67%|██████▋   | 32/48 [00:18<00:08,  1.79it/s]
[1ARunning parallel differential expression (against reference):  69%|██████▉   | 33/48 [00:18<00:08,  1.79it/s]
[1ARunning parallel differential expression (against reference):  71%|███████   | 34/48 [00:19<00:07,  1.79it/s]
[1ARunning parallel differential expression (against reference):  73%|███████▎  | 35/48 [00:19<00:07,  1.79it/s]
[1ARunning parallel differential expression (against reference):  75%|███████▌  | 36/48 [00:20<00:06,  1.78it/s]
[1ARunning parallel differential expression (against reference):  77%|███████▋  | 37/48 [00:20<00:06,  1.78it/s]
[1ARunning parallel differential expression (against reference):  79%|███████▉  | 38/48 [00:21<00:05,  1.76it/s]
[1ARunning parallel differential expression (against reference):  81%|████████▏ | 39/48 [00:21<00:05,  1.75it/s]
[1ARunning parallel differential expression (against reference):  83%|████████▎ | 40/48 [00:22<00:04,  1.75it/s]
[1ARunning parallel differential expression (against reference):  85%|████████▌ | 41/48 [00:23<00:03,  1.76it/s]
[1ARunning parallel differential expression (against reference):  88%|████████▊ | 42/48 [00:23<00:03,  1.76it/s]
[1ARunning parallel differential expression (against reference):  90%|████████▉ | 43/48 [00:24<00:02,  1.76it/s]
[1ARunning parallel differential expression (against reference):  92%|█████████▏| 44/48 [00:24<00:02,  1.76it/s]
[1ARunning parallel differential expression (against reference):  94%|█████████▍| 45/48 [00:25<00:01,  1.76it/s]
[1ARunning parallel differential expression (against reference):  96%|█████████▌| 46/48 [00:25<00:01,  1.76it/s]
[1ARunning parallel differential expression (against reference):  98%|█████████▊| 47/48 [00:26<00:00,  1.72it/s]
[1ARunning parallel differential expression (against reference): 100%|██████████| 48/48 [00:26<00:00,  1.81it/s]
Identified 83273 infinite log2 fold change values (real)
Identified 56608 infinite log2 fold change values (pred)

[1AIterating over perturbations...:   0%|          | 0/47 [00:00<?, ?it/s]
[1AIterating over perturbations...: 100%|██████████| 47/47 [00:00<00:00, 1392.38it/s]

[1AIterating over perturbations...:   0%|          | 0/47 [00:00<?, ?it/s]
[1AIterating over perturbations...: 100%|██████████| 47/47 [00:00<00:00, 1829.81it/s]

[1AIterating over perturbations...:   0%|          | 0/47 [00:00<?, ?it/s]
[1AIterating over perturbations...: 100%|██████████| 47/47 [00:00<00:00, 1744.77it/s]

[1AIterating over perturbations...:   0%|          | 0/47 [00:00<?, ?it/s]
[1AIterating over perturbations...: 100%|██████████| 47/47 [00:00<00:00, 16456.49it/s]

[1AIterating over perturbations...:   0%|          | 0/47 [00:00<?, ?it/s]
[1AIterating over perturbations...: 100%|██████████| 47/47 [00:00<00:00, 11773.31it/s]
[eval] true_ds1p0: {"overlap_at_N": 0.3767785706304885, "precision_at_N": 0.32064659242199306, "de_nsig_counts_real": 3436.0425531914893, "de_nsig_counts_pred": 5462.36170212766, "pearson_delta": 0.6667930588298415, "mse": 0.0041461056243468335, "mae": 0.04683482734965505, "discrimination_score_l1": 0.9592575826165686}

=== real-data ceiling ===
Output directory /root/kytos/experiments/k021-ceiling/ceiling already exists, potential overwrite occurring

[1ARunning parallel differential expression (against reference):   0%|          | 0/48 [00:00<?, ?it/s]
[1ARunning parallel differential expression (against reference):   2%|▏         | 1/48 [00:02<02:00,  2.57s/it]
[1ARunning parallel differential expression (against reference):   4%|▍         | 2/48 [00:05<02:03,  2.68s/it]
[1ARunning parallel differential expression (against reference):   6%|▋         | 3/48 [00:07<01:58,  2.63s/it]
[1ARunning parallel differential expression (against reference):   8%|▊         | 4/48 [00:10<01:55,  2.62s/it]
[1ARunning parallel differential expression (against reference):  10%|█         | 5/48 [00:13<01:52,  2.61s/it]
[1ARunning parallel differential expression (against reference):  12%|█▎        | 6/48 [00:15<01:49,  2.60s/it]
[1ARunning parallel differential expression (against reference):  15%|█▍        | 7/48 [00:18<01:47,  2.61s/it]
[1ARunning parallel differential expression (against reference):  17%|█▋        | 8/48 [00:21<01:47,  2.68s/it]
[1ARunning parallel differential expression (against reference):  19%|█▉        | 9/48 [00:23<01:43,  2.67s/it]
[1ARunning parallel differential expression (against reference):  21%|██        | 10/48 [00:26<01:39,  2.62s/it]
[1ARunning parallel differential expression (against reference):  23%|██▎       | 11/48 [00:28<01:37,  2.62s/it]
[1ARunning parallel differential expression (against reference):  25%|██▌       | 12/48 [00:31<01:32,  2.58s/it]
[1ARunning parallel differential expression (against reference):  27%|██▋       | 13/48 [00:33<01:29,  2.55s/it]
[1ARunning parallel differential expression (against reference):  29%|██▉       | 14/48 [00:36<01:26,  2.54s/it]
[1ARunning parallel differential expression (against reference):  31%|███▏      | 15/48 [00:38<01:24,  2.55s/it]
[1ARunning parallel differential expression (against reference):  33%|███▎      | 16/48 [00:41<01:21,  2.53s/it]
[1ARunning parallel differential expression (against reference):  35%|███▌      | 17/48 [00:44<01:18,  2.55s/it]
[1ARunning parallel differential expression (against reference):  38%|███▊      | 18/48 [00:46<01:16,  2.55s/it]
[1ARunning parallel differential expression (against reference):  40%|███▉      | 19/48 [00:49<01:14,  2.57s/it]
[1ARunning parallel differential expression (against reference):  42%|████▏     | 20/48 [00:51<01:11,  2.57s/it]
[1ARunning parallel differential expression (against reference):  44%|████▍     | 21/48 [00:54<01:10,  2.61s/it]
[1ARunning parallel differential expression (against reference):  46%|████▌     | 22/48 [00:57<01:08,  2.64s/it]
[1ARunning parallel differential expression (against reference):  48%|████▊     | 23/48 [00:59<01:05,  2.61s/it]
[1ARunning parallel differential expression (against reference):  50%|█████     | 24/48 [01:02<01:02,  2.59s/it]
[1ARunning parallel differential expression (against reference):  52%|█████▏    | 25/48 [01:04<01:00,  2.61s/it]
[1ARunning parallel differential expression (against reference):  54%|█████▍    | 26/48 [01:07<00:57,  2.62s/it]
[1ARunning parallel differential expression (against reference):  56%|█████▋    | 27/48 [01:10<00:55,  2.62s/it]
[1ARunning parallel differential expression (against reference):  58%|█████▊    | 28/48 [01:12<00:51,  2.57s/it]
[1ARunning parallel differential expression (against reference):  60%|██████    | 29/48 [01:15<00:49,  2.61s/it]
[1ARunning parallel differential expression (against reference):  62%|██████▎   | 30/48 [01:18<00:47,  2.63s/it]
[1ARunning parallel differential expression (against reference):  65%|██████▍   | 31/48 [01:20<00:44,  2.61s/it]
[1ARunning parallel differential expression (against reference):  67%|██████▋   | 32/48 [01:23<00:42,  2.65s/it]
[1ARunning parallel differential expression (against reference):  69%|██████▉   | 33/48 [01:25<00:39,  2.65s/it]
[1ARunning parallel differential expression (against reference):  71%|███████   | 34/48 [01:28<00:36,  2.61s/it]
[1ARunning parallel differential expression (against reference):  73%|███████▎  | 35/48 [01:31<00:34,  2.64s/it]
[1ARunning parallel differential expression (against reference):  75%|███████▌  | 36/48 [01:33<00:31,  2.65s/it]
[1ARunning parallel differential expression (against reference):  77%|███████▋  | 37/48 [01:36<00:28,  2.61s/it]
[1ARunning parallel differential expression (against reference):  79%|███████▉  | 38/48 [01:38<00:25,  2.58s/it]
[1ARunning parallel differential expression (against reference):  81%|████████▏ | 39/48 [01:41<00:22,  2.55s/it]
[1ARunning parallel differential expression (against reference):  83%|████████▎ | 40/48 [01:43<00:20,  2.53s/it]
[1ARunning parallel differential expression (against reference):  85%|████████▌ | 41/48 [01:46<00:17,  2.56s/it]
[1ARunning parallel differential expression (against reference):  88%|████████▊ | 42/48 [01:49<00:15,  2.56s/it]
[1ARunning parallel differential expression (against reference):  90%|████████▉ | 43/48 [01:51<00:12,  2.57s/it]
[1ARunning parallel differential expression (against reference):  92%|█████████▏| 44/48 [01:54<00:10,  2.57s/it]
[1ARunning parallel differential expression (against reference):  94%|█████████▍| 45/48 [01:56<00:07,  2.54s/it]
[1ARunning parallel differential expression (against reference):  96%|█████████▌| 46/48 [01:59<00:05,  2.61s/it]
[1ARunning parallel differential expression (against reference):  98%|█████████▊| 47/48 [02:01<00:02,  2.57s/it]
[1ARunning parallel differential expression (against reference): 100%|██████████| 48/48 [02:01<00:00,  2.54s/it]

[1ARunning parallel differential expression (against reference):   0%|          | 0/48 [00:00<?, ?it/s]
[1ARunning parallel differential expression (against reference):   2%|▏         | 1/48 [00:02<02:00,  2.57s/it]
[1ARunning parallel differential expression (against reference):   4%|▍         | 2/48 [00:05<02:03,  2.69s/it]
[1ARunning parallel differential expression (against reference):   6%|▋         | 3/48 [00:07<01:58,  2.64s/it]
[1ARunning parallel differential expression (against reference):   8%|▊         | 4/48 [00:10<01:55,  2.63s/it]
[1ARunning parallel differential expression (against reference):  10%|█         | 5/48 [00:13<01:52,  2.62s/it]
[1ARunning parallel differential expression (against reference):  12%|█▎        | 6/48 [00:15<01:49,  2.60s/it]
[1ARunning parallel differential expression (against reference):  15%|█▍        | 7/48 [00:18<01:47,  2.62s/it]
[1ARunning parallel differential expression (against reference):  17%|█▋        | 8/48 [00:21<01:45,  2.64s/it]
[1ARunning parallel differential expression (against reference):  19%|█▉        | 9/48 [00:23<01:43,  2.64s/it]
[1ARunning parallel differential expression (against reference):  21%|██        | 10/48 [00:26<01:39,  2.61s/it]
[1ARunning parallel differential expression (against reference):  23%|██▎       | 11/48 [00:28<01:36,  2.62s/it]
[1ARunning parallel differential expression (against reference):  25%|██▌       | 12/48 [00:31<01:32,  2.58s/it]
[1ARunning parallel differential expression (against reference):  27%|██▋       | 13/48 [00:33<01:29,  2.55s/it]
[1ARunning parallel differential expression (against reference):  29%|██▉       | 14/48 [00:36<01:26,  2.54s/it]
[1ARunning parallel differential expression (against reference):  31%|███▏      | 15/48 [00:38<01:24,  2.56s/it]
[1ARunning parallel differential expression (against reference):  33%|███▎      | 16/48 [00:41<01:21,  2.54s/it]
[1ARunning parallel differential expression (against reference):  35%|███▌      | 17/48 [00:44<01:19,  2.56s/it]
[1ARunning parallel differential expression (against reference):  38%|███▊      | 18/48 [00:46<01:16,  2.56s/it]
[1ARunning parallel differential expression (against reference):  40%|███▉      | 19/48 [00:49<01:15,  2.59s/it]
[1ARunning parallel differential expression (against reference):  42%|████▏     | 20/48 [00:51<01:12,  2.58s/it]
[1ARunning parallel differential expression (against reference):  44%|████▍     | 21/48 [00:54<01:10,  2.63s/it]
[1ARunning parallel differential expression (against reference):  46%|████▌     | 22/48 [00:57<01:09,  2.66s/it]
[1ARunning parallel differential expression (against reference):  48%|████▊     | 23/48 [00:59<01:05,  2.63s/it]
[1ARunning parallel differential expression (against reference):  50%|█████     | 24/48 [01:02<01:02,  2.61s/it]
[1ARunning parallel differential expression (against reference):  52%|█████▏    | 25/48 [01:05<01:00,  2.63s/it]
[1ARunning parallel differential expression (against reference):  54%|█████▍    | 26/48 [01:07<00:58,  2.64s/it]
[1ARunning parallel differential expression (against reference):  56%|█████▋    | 27/48 [01:10<00:55,  2.65s/it]
[1ARunning parallel differential expression (against reference):  58%|█████▊    | 28/48 [01:12<00:51,  2.60s/it]
[1ARunning parallel differential expression (against reference):  60%|██████    | 29/48 [01:15<00:50,  2.63s/it]
[1ARunning parallel differential expression (against reference):  62%|██████▎   | 30/48 [01:18<00:47,  2.64s/it]
[1ARunning parallel differential expression (against reference):  65%|██████▍   | 31/48 [01:20<00:44,  2.62s/it]
[1ARunning parallel differential expression (against reference):  67%|██████▋   | 32/48 [01:23<00:42,  2.64s/it]
[1ARunning parallel differential expression (against reference):  69%|██████▉   | 33/48 [01:26<00:39,  2.65s/it]
[1ARunning parallel differential expression (against reference):  71%|███████   | 34/48 [01:28<00:36,  2.61s/it]
[1ARunning parallel differential expression (against reference):  73%|███████▎  | 35/48 [01:31<00:34,  2.65s/it]
[1ARunning parallel differential expression (against reference):  75%|███████▌  | 36/48 [01:34<00:31,  2.66s/it]
[1ARunning parallel differential expression (against reference):  77%|███████▋  | 37/48 [01:36<00:28,  2.62s/it]
[1ARunning parallel differential expression (against reference):  79%|███████▉  | 38/48 [01:39<00:25,  2.59s/it]
[1ARunning parallel differential expression (against reference):  81%|████████▏ | 39/48 [01:41<00:23,  2.56s/it]
[1ARunning parallel differential expression (against reference):  83%|████████▎ | 40/48 [01:44<00:20,  2.55s/it]
[1ARunning parallel differential expression (against reference):  85%|████████▌ | 41/48 [01:46<00:17,  2.57s/it]
[1ARunning parallel differential expression (against reference):  88%|████████▊ | 42/48 [01:49<00:15,  2.57s/it]
[1ARunning parallel differential expression (against reference):  90%|████████▉ | 43/48 [01:52<00:12,  2.58s/it]
[1ARunning parallel differential expression (against reference):  92%|█████████▏| 44/48 [01:54<00:10,  2.58s/it]
[1ARunning parallel differential expression (against reference):  94%|█████████▍| 45/48 [01:57<00:07,  2.55s/it]
[1ARunning parallel differential expression (against reference):  96%|█████████▌| 46/48 [01:59<00:05,  2.62s/it]
[1ARunning parallel differential expression (against reference):  98%|█████████▊| 47/48 [02:02<00:02,  2.57s/it]
[1ARunning parallel differential expression (against reference): 100%|██████████| 48/48 [02:02<00:00,  2.55s/it]
Identified 90722 infinite log2 fold change values (real)
Identified 91604 infinite log2 fold change values (pred)

[1AIterating over perturbations...:   0%|          | 0/47 [00:00<?, ?it/s]
[1AIterating over perturbations...: 100%|██████████| 47/47 [00:00<00:00, 1803.92it/s]

[1AIterating over perturbations...:   0%|          | 0/47 [00:00<?, ?it/s]
[1AIterating over perturbations...: 100%|██████████| 47/47 [00:00<00:00, 2005.50it/s]

[1AIterating over perturbations...:   0%|          | 0/47 [00:00<?, ?it/s]
[1AIterating over perturbations...: 100%|██████████| 47/47 [00:00<00:00, 1902.67it/s]

[1AIterating over perturbations...:   0%|          | 0/47 [00:00<?, ?it/s]
[1AIterating over perturbations...: 100%|██████████| 47/47 [00:00<00:00, 11433.92it/s]

[1AIterating over perturbations...:   0%|          | 0/47 [00:00<?, ?it/s]
[1AIterating over perturbations...: 100%|██████████| 47/47 [00:00<00:00, 17718.16it/s]
Traceback (most recent call last):
  File "/usr/local/lib/python3.14/site-packages/pandas/core/indexes/base.py", line 3641, in get_loc
    return self._engine.get_loc(casted_key)
           ~~~~~~~~~~~~~~~~~~~~^^^^^^^^^^^^
  File "pandas/_libs/index.pyx", line 168, in pandas._libs.index.IndexEngine.get_loc
  File "pandas/_libs/index.pyx", line 197, in pandas._libs.index.IndexEngine.get_loc
  File "pandas/_libs/hashtable_class_helper.pxi", line 7668, in pandas._libs.hashtable.PyObjectHashTable.get_item
  File "pandas/_libs/hashtable_class_helper.pxi", line 7676, in pandas._libs.hashtable.PyObjectHashTable.get_item
KeyError: 'metric'

The above exception was the direct cause of the following exception:

Traceback (most recent call last):
  File "/root/kytos/tools/run_k021_ceiling.py", line 356, in <module>
    raise SystemExit(main())
                     ~~~~^^
  File "/root/kytos/tools/run_k021_ceiling.py", line 288, in main
    summary["ceiling"] = dict(zip(ceil["metric"], ceil["ceiling"]))
                                  ~~~~^^^^^^^^^^
  File "/usr/local/lib/python3.14/site-packages/pandas/core/frame.py", line 4378, in __getitem__
    indexer = self.columns.get_loc(key)
  File "/usr/local/lib/python3.14/site-packages/pandas/core/indexes/base.py", line 3648, in get_loc
    raise KeyError(key) from err
KeyError: 'metric'
Traceback (most recent call last):
  File "/pkg/modal/_runtime/container_io_manager.py", line 947, in handle_input_exception
    yield
  File "/pkg/modal/_container_entrypoint.py", line 172, in run_input_sync
    values = io_context.call_function_sync()
  File "/pkg/modal/_runtime/container_io_manager.py", line 225, in call_function_sync
    expected_value_or_values = self.finalized_function.callable(*args, **kwargs)
  File "/root/modal_k021_ceiling.py", line 96, in run_ceiling
    run_step(
    ~~~~~~~~^
        "run ceiling attribution",
        ^^^^^^^^^^^^^^^^^^^^^^^^^^
    ...<9 lines>...
        f" --profile {profile}{keep_flag}",
        ^^^^^^^^^^^^^^^^^^^^^^^^^^^^^^^^^^^
    )
    ^
  File "/root/modal_k021_ceiling.py", line 85, in run_step
    raise RuntimeError(f"{name} failed with exit code {result.returncode}")
RuntimeError: run ceiling attribution failed with exit code 1
╭─ Error ──────────────────────────────────────────────────────────────────────╮
│ run ceiling attribution failed with exit code 1                              │
╰──────────────────────────────────────────────────────────────────────────────╯
