Note that running a local entrypoint in detached mode only keeps the last triggered Modal function alive after the parent process has been killed or disconnected.
✓ Initialized. View run at 
https://modal.com/apps/thepapajams/main/ap-tT4vyif5ZftRY7WPcFJlRR
Building image im-c8ER6611JrMngMd88RsNjx

=> Step 0: FROM base

=> Step 1: RUN python -m pip install anndata==0.11.4 h5py==3.13.0 numpy==2.2.6 pandas==2.2.3 scipy==1.15.3 zarr==2.18.7
Looking in indexes: http://pypi-mirror.modal.local:5555/simple
Collecting anndata==0.11.4
  Downloading http://pypi-mirror.modal.local:5555/simple/anndata/anndata-0.11.4-py3-none-any.whl.metadata (9.3 kB)
Collecting h5py==3.13.0
  Downloading http://pypi-mirror.modal.local:5555/simple/h5py/h5py-3.13.0-cp312-cp312-manylinux_2_17_x86_64.manylinux2014_x86_64.whl.metadata (2.5 kB)
Collecting numpy==2.2.6
  Downloading http://pypi-mirror.modal.local:5555/simple/numpy/numpy-2.2.6-cp312-cp312-manylinux_2_17_x86_64.manylinux2014_x86_64.whl.metadata (62 kB)
Collecting pandas==2.2.3
  Downloading http://pypi-mirror.modal.local:5555/simple/pandas/pandas-2.2.3-cp312-cp312-manylinux_2_17_x86_64.manylinux2014_x86_64.whl.metadata (89 kB)
Collecting scipy==1.15.3
  Downloading http://pypi-mirror.modal.local:5555/simple/scipy/scipy-1.15.3-cp312-cp312-manylinux_2_17_x86_64.manylinux2014_x86_64.whl.metadata (61 kB)
Collecting zarr==2.18.7
  Downloading http://pypi-mirror.modal.local:5555/simple/zarr/zarr-2.18.7-py3-none-any.whl.metadata (5.8 kB)
Collecting array-api-compat!=1.5,>1.4 (from anndata==0.11.4)
  Downloading http://pypi-mirror.modal.local:5555/simple/array-api-compat/array_api_compat-1.15.0-py3-none-any.whl.metadata (1.4 kB)
Collecting natsort (from anndata==0.11.4)
  Downloading http://pypi-mirror.modal.local:5555/simple/natsort/natsort-8.4.0-py3-none-any.whl.metadata (21 kB)
Collecting packaging>=24.2 (from anndata==0.11.4)
  Downloading http://pypi-mirror.modal.local:5555/simple/packaging/packaging-26.3-py3-none-any.whl.metadata (3.5 kB)
Collecting python-dateutil>=2.8.2 (from pandas==2.2.3)
  Downloading http://pypi-mirror.modal.local:5555/simple/python-dateutil/python_dateutil-2.9.0.post0-py2.py3-none-any.whl.metadata (8.4 kB)
Collecting pytz>=2020.1 (from pandas==2.2.3)
  Downloading http://pypi-mirror.modal.local:5555/simple/pytz/pytz-2026.3.post1-py2.py3-none-any.whl.metadata (22 kB)
Collecting tzdata>=2022.7 (from pandas==2.2.3)
  Downloading http://pypi-mirror.modal.local:5555/simple/tzdata/tzdata-2026.4-py2.py3-none-any.whl.metadata (1.4 kB)
Collecting asciitree (from zarr==2.18.7)
  Downloading http://pypi-mirror.modal.local:5555/simple/asciitree/asciitree-0.3.3.tar.gz (4.0 kB)
  Installing build dependencies: started
  Installing build dependencies: finished with status 'done'
  Getting requirements to build wheel: started
  Getting requirements to build wheel: finished with status 'done'
  Preparing metadata (pyproject.toml): started
  Preparing metadata (pyproject.toml): finished with status 'done'
Collecting fasteners (from zarr==2.18.7)
  Downloading http://pypi-mirror.modal.local:5555/simple/fasteners/fasteners-0.20-py3-none-any.whl.metadata (4.8 kB)
Collecting numcodecs!=0.14.0,!=0.14.1,<0.16,>=0.10.0 (from zarr==2.18.7)
  Downloading http://pypi-mirror.modal.local:5555/simple/numcodecs/numcodecs-0.15.1-cp312-cp312-manylinux_2_17_x86_64.manylinux2014_x86_64.whl.metadata (2.9 kB)
Collecting deprecated (from numcodecs!=0.14.0,!=0.14.1,<0.16,>=0.10.0->zarr==2.18.7)
  Downloading http://pypi-mirror.modal.local:5555/simple/deprecated/deprecated-1.3.1-py2.py3-none-any.whl.metadata (5.9 kB)
Collecting six>=1.5 (from python-dateutil>=2.8.2->pandas==2.2.3)
  Downloading http://pypi-mirror.modal.local:5555/simple/six/six-1.17.0-py2.py3-none-any.whl.metadata (1.7 kB)
Collecting wrapt<3,>=1.10 (from deprecated->numcodecs!=0.14.0,!=0.14.1,<0.16,>=0.10.0->zarr==2.18.7)
  Downloading http://pypi-mirror.modal.local:5555/simple/wrapt/wrapt-2.4.1-cp312-cp312-manylinux1_x86_64.manylinux_2_28_x86_64.manylinux_2_5_x86_64.whl.metadata (7.4 kB)
Downloading http://pypi-mirror.modal.local:5555/simple/anndata/anndata-0.11.4-py3-none-any.whl (144 kB)
Downloading http://pypi-mirror.modal.local:5555/simple/h5py/h5py-3.13.0-cp312-cp312-manylinux_2_17_x86_64.manylinux2014_x86_64.whl (4.9 MB)
   ━━━━━━━━━━━━━━━━━━━━━━━━━━━━━━━━━━━━━━━━ 4.9/4.9 MB 288.2 MB/s eta 0:00:00
Downloading http://pypi-mirror.modal.local:5555/simple/numpy/numpy-2.2.6-cp312-cp312-manylinux_2_17_x86_64.manylinux2014_x86_64.whl (16.5 MB)
   ━━━━━━━━━━━━━━━━━━━━━━━━━━━━━━━━━━━━━━━━ 16.5/16.5 MB 635.0 MB/s eta 0:00:00
Downloading http://pypi-mirror.modal.local:5555/simple/pandas/pandas-2.2.3-cp312-cp312-manylinux_2_17_x86_64.manylinux2014_x86_64.whl (12.7 MB)
   ━━━━━━━━━━━━━━━━━━━━━━━━━━━━━━━━━━━━━━━━ 12.7/12.7 MB 601.9 MB/s eta 0:00:00
Downloading http://pypi-mirror.modal.local:5555/simple/scipy/scipy-1.15.3-cp312-cp312-manylinux_2_17_x86_64.manylinux2014_x86_64.whl (37.3 MB)
   ━━━━━━━━━━━━━━━━━━━━━━━━━━━━━━━━━━━━━━━━ 37.3/37.3 MB 628.2 MB/s eta 0:00:00
Downloading http://pypi-mirror.modal.local:5555/simple/zarr/zarr-2.18.7-py3-none-any.whl (211 kB)
Downloading http://pypi-mirror.modal.local:5555/simple/numcodecs/numcodecs-0.15.1-cp312-cp312-manylinux_2_17_x86_64.manylinux2014_x86_64.whl (8.9 MB)
   ━━━━━━━━━━━━━━━━━━━━━━━━━━━━━━━━━━━━━━━━ 8.9/8.9 MB 118.0 MB/s eta 0:00:00
Downloading http://pypi-mirror.modal.local:5555/simple/array-api-compat/array_api_compat-1.15.0-py3-none-any.whl (79 kB)
Downloading http://pypi-mirror.modal.local:5555/simple/packaging/packaging-26.3-py3-none-any.whl (129 kB)
Downloading http://pypi-mirror.modal.local:5555/simple/python-dateutil/python_dateutil-2.9.0.post0-py2.py3-none-any.whl (229 kB)
Downloading http://pypi-mirror.modal.local:5555/simple/pytz/pytz-2026.3.post1-py2.py3-none-any.whl (508 kB)
Downloading http://pypi-mirror.modal.local:5555/simple/six/six-1.17.0-py2.py3-none-any.whl (11 kB)
Downloading http://pypi-mirror.modal.local:5555/simple/tzdata/tzdata-2026.4-py2.py3-none-any.whl (347 kB)
Downloading http://pypi-mirror.modal.local:5555/simple/deprecated/deprecated-1.3.1-py2.py3-none-any.whl (11 kB)
Downloading http://pypi-mirror.modal.local:5555/simple/wrapt/wrapt-2.4.1-cp312-cp312-manylinux1_x86_64.manylinux_2_28_x86_64.manylinux_2_5_x86_64.whl (236 kB)
Downloading http://pypi-mirror.modal.local:5555/simple/fasteners/fasteners-0.20-py3-none-any.whl (18 kB)
Downloading http://pypi-mirror.modal.local:5555/simple/natsort/natsort-8.4.0-py3-none-any.whl (38 kB)
Building wheels for collected packages: asciitree
  Building wheel for asciitree (pyproject.toml): started
  Building wheel for asciitree (pyproject.toml): finished with status 'done'
  Created wheel for asciitree: filename=asciitree-0.3.3-py3-none-any.whl size=5097 sha256=91f495d1fd6993989c7ecf8cd7eb2f3a67feacf06db57f2e8189bec87b6ed59d
  Stored in directory: /tmp/pip-ephem-wheel-cache-77tyiv0l/wheels/30/c8/0c/d7f0eee589a059468398e5fe15b0c57eb9ce4f924f037a9d91
Successfully built asciitree
Installing collected packages: pytz, asciitree, wrapt, tzdata, six, packaging, numpy, natsort, fasteners, array-api-compat, scipy, python-dateutil, h5py, deprecated, pandas, numcodecs, zarr, anndata

Successfully installed anndata-0.11.4 array-api-compat-1.15.0 asciitree-0.3.3 deprecated-1.3.1 fasteners-0.20 h5py-3.13.0 natsort-8.4.0 numcodecs-0.15.1 numpy-2.2.6 packaging-26.3 pandas-2.2.3 python-dateutil-2.9.0.post0 pytz-2026.3.post1 scipy-1.15.3 six-1.17.0 tzdata-2026.4 wrapt-2.4.1 zarr-2.18.7

[notice] A new release of pip is available: 25.1.1 -> 26.2.1
[notice] To update, run: pip install --upgrade pip
Saving image...
Image saved, took 1.57s

Built image im-c8ER6611JrMngMd88RsNjx in 17.31s


Building image im-Ly9BxNU1h6ZPjeGIsYpBKN

=> Step 0: FROM base

=> Step 1: COPY . /
Saving image...
Image saved, took 449.73ms

Built image im-Ly9BxNU1h6ZPjeGIsYpBKN in 1.08s


Building image im-FAaao95D0NrI78LuDjMpj3

=> Step 0: FROM base

=> Step 1: COPY . /
Saving image...
Image saved, took 2.51s

Built image im-FAaao95D0NrI78LuDjMpj3 in 6.79s


Building image im-gStwrbdFLdR0Md1BxXIDlr

=> Step 0: FROM base

=> Step 1: COPY . /
Saving image...
Image saved, took 707.23ms

Built image im-gStwrbdFLdR0Md1BxXIDlr in 1.53s


Building image im-RgCBpJNQiao9aT4zx30TLV

=> Step 0: FROM base

=> Step 1: COPY . /
Saving image...
Image saved, took 456.54ms

Built image im-RgCBpJNQiao9aT4zx30TLV in 1.16s


Building image im-xDFSjKxLP2Lx4oJpyHdJmq

=> Step 0: FROM base

=> Step 1: COPY . /
Saving image...
Image saved, took 602.94ms

Built image im-xDFSjKxLP2Lx4oJpyHdJmq in 1.43s


Building image im-aU3jMv4xNzJtZLkW19lDuj

=> Step 0: FROM base

=> Step 1: COPY . /
Saving image...
Image saved, took 568.26ms

Built image im-aU3jMv4xNzJtZLkW19lDuj in 1.34s


✓ Created objects.
├── 🔨 Created mount 
│   /Users/udingethe/Dev/kytos/tools/modal_k022_pipeline_audit.py
├── 🔨 Created mount /Users/udingethe/Dev/kytos/src/kytos
├── 🔨 Created mount /Users/udingethe/Dev/kytos/tools/run_k022_pipeline_audit.py
├── 🔨 Created mount /Users/udingethe/Dev/kytos/tools/run_k007_neighbor_prior.py
├── 🔨 Created mount /Users/udingethe/Dev/kytos/tools/run_k006_replogle_prior.py
├── 🔨 Created mount /Users/udingethe/Dev/kytos/tools/run_k005_atlas_prior.py
├── 🔨 Created mount /Users/udingethe/Dev/kytos/tools/perturbation_priors.py
└── 🔨 Created function run_pilot.
{
  "status": "blocked",
  "preflight": "/kytos-vol/k022-pipeline-audit/pilot-20260920-01/preflight.json",
  "blockers": [
    "source_gene_axis_incomplete"
  ]
}
✓ App completed. View run at 
https://modal.com/apps/thepapajams/main/ap-tT4vyif5ZftRY7WPcFJlRR
