=== [1/3] train (OOD-proxy validated) ===
[data] 2661 samples, 4000 genes, contexts ['jurkat', 'rpe1']
[fit] device=cuda n_train=2129 n_test=532
  epoch  60  loss 0.1201
  epoch 120  loss 0.1066
  epoch 180  loss 0.1000
  epoch 240  loss 0.0966
  epoch 300  loss 0.0922
{
  "device": "cuda",
  "n_test": 532,
  "n_genes": 4000,
  "identity": {
    "cos_all": 0.24861973524093628,
    "cos_ood": -0.08805595338344574,
    "cos_indist": 0.6044910550117493
  },
  "gnn": {
    "cos_all": 0.37432917952537537,
    "cos_ood": 0.19911068677902222,
    "cos_indist": 0.5853191018104553
  }
}
=== [2/3] panel K562 deltas for inference ===
[panel] 300 targets, 272 K562-covered, 28 uncovered -> neighbour/fallback in builder
=== [3/3] predict -> prediction_deltas.npz ===
{
  "contexts": [
    "A",
    "B"
  ],
  "n_targets": 300,
  "shape": [
    2,
    300,
    4000
  ]
}

DONE. Check OOD gate before shipping:
  cat experiments/k020-gnn-crosslineage/gnn_eval.json   # gnn cos_ood must clearly beat identity cos_ood
Get the artifact off the VM (laptop):
  scp ubuntu@<vm>:/home/ubuntu/kytos/experiments/k020-gnn-crosslineage/prediction_deltas.npz /tmp/
  modal volume put kytos-vcc /tmp/prediction_deltas.npz /k020/prediction_deltas.npz
Then build + prep + submit (Modal): reuse run_k014_trained_model.py on /k020/...
